[htmldemo.net/pustok/pustok/index-2.html]
[backblue.gif]
[fade.gif]
[index.html]
[htmldemo.net/pustok/pustok/css/plugins.css]
[htmldemo.net/pustok/pustok/image/favicon.ico]
[htmldemo.net/pustok/pustok/index.html]
[htmldemo.net/pustok/pustok/css/main.css]
[htmldemo.net/pustok/pustok/image/logo.png]
[htmldemo.net/pustok/pustok/login-register.html]
[htmldemo.net/pustok/pustok/product-details.html]
[htmldemo.net/pustok/pustok/image/products/cart-product-1.jpg]
[htmldemo.net/pustok/pustok/cart.html]
[htmldemo.net/pustok/pustok/checkout.html]
[htmldemo.net/pustok/pustok/index-3.html]
[htmldemo.net/pustok/pustok/index-4.html]
[htmldemo.net/pustok/pustok/index-5.html]
[htmldemo.net/pustok/pustok/shop-grid.html]
[htmldemo.net/pustok/pustok/shop-grid-left-sidebar.html]
[htmldemo.net/pustok/pustok/shop-grid-right-sidebar.html]
[htmldemo.net/pustok/pustok/shop-list.html]
[htmldemo.net/pustok/pustok/shop-list-left-sidebar.html]
[htmldemo.net/pustok/pustok/shop-list-right-sidebar.html]
[htmldemo.net/pustok/pustok/product-details-affiliate.html]
[htmldemo.net/pustok/pustok/product-details-group.html]
[htmldemo.net/pustok/pustok/product-details-variable.html]
[htmldemo.net/pustok/pustok/product-details-left-thumbnail.html]
[htmldemo.net/pustok/pustok/product-details-right-thumbnail.html]
[htmldemo.net/pustok/pustok/product-details-left-gallery.html]
[htmldemo.net/pustok/pustok/product-details-right-gallery.html]
[htmldemo.net/pustok/pustok/compare.html]
[htmldemo.net/pustok/pustok/wishlist.html]
[htmldemo.net/pustok/pustok/my-account.html]
[htmldemo.net/pustok/pustok/order-complete.html]
[htmldemo.net/pustok/pustok/faq.html]
[htmldemo.net/pustok/pustok/contact-2.html]
[htmldemo.net/pustok/pustok/blog.html]
[htmldemo.net/pustok/pustok/blog-left-sidebar.html]
[htmldemo.net/pustok/pustok/blog-right-sidebar.html]
[htmldemo.net/pustok/pustok/blog-list-left-sidebar.html]
[htmldemo.net/pustok/pustok/blog-list-right-sidebar.html]
[htmldemo.net/pustok/pustok/blog-details.html]
[htmldemo.net/pustok/pustok/blog-details-gallery.html]
[htmldemo.net/pustok/pustok/blog-details-audio.html]
[htmldemo.net/pustok/pustok/blog-details-video.html]
[htmldemo.net/pustok/pustok/blog-details-left-sidebar.html]
[htmldemo.net/pustok/pustok/contact.html]
[htmldemo.net/pustok/pustok/blog-list.html]
[htmldemo.net/pustok/pustok/image/bg-images/home-2-slider-1.jpg]
[htmldemo.net/pustok/pustok/image/bg-images/home-2-slider-2.jpg]
[htmldemo.net/pustok/pustok/image/products/product-1.jpg]
[htmldemo.net/pustok/pustok/image/products/product-2.jpg]
[htmldemo.net/pustok/pustok/image/products/product-3.jpg]
[htmldemo.net/pustok/pustok/image/products/product-4.jpg]
[htmldemo.net/pustok/pustok/image/products/product-5.jpg]
[htmldemo.net/pustok/pustok/image/products/product-7.jpg]
[htmldemo.net/pustok/pustok/image/bg-images/promo-banner-with-text.jpg]
[htmldemo.net/pustok/pustok/image/bg-images/promo-banner-with-text-2.jpg]
[htmldemo.net/pustok/pustok/image/products/product-6.jpg]
[htmldemo.net/pustok/pustok/image/products/product-8.jpg]
[htmldemo.net/pustok/pustok/image/products/product-9.jpg]
[htmldemo.net/pustok/pustok/image/products/product-10.jpg]
[htmldemo.net/pustok/pustok/image/products/product-11.jpg]
[htmldemo.net/pustok/pustok/image/products/product-12.jpg]
[htmldemo.net/pustok/pustok/image/products/product-13.jpg]
[htmldemo.net/pustok/pustok/image/bg-images/promo-banner-small-with-text.jpg]
[htmldemo.net/pustok/pustok/image/bg-images/promo-banner-contained.jpg]
[htmldemo.net/pustok/pustok/image/others/blog-grid-1.jpg]
[htmldemo.net/pustok/pustok/image/others/blog-grid-2.jpg]
[htmldemo.net/pustok/pustok/image/others/blog-grid-3.jpg]
[htmldemo.net/pustok/pustok/image/products/product-details-1.jpg]
[htmldemo.net/pustok/pustok/image/products/product-details-2.jpg]
[htmldemo.net/pustok/pustok/image/products/product-details-3.jpg]
[htmldemo.net/pustok/pustok/image/products/product-details-4.jpg]
[htmldemo.net/pustok/pustok/image/products/product-details-5.jpg]
[htmldemo.net/pustok/pustok/image/others/brand-1.jpg]
[htmldemo.net/pustok/pustok/image/others/brand-2.jpg]
[htmldemo.net/pustok/pustok/image/others/brand-3.jpg]
[htmldemo.net/pustok/pustok/image/others/brand-4.jpg]
[htmldemo.net/pustok/pustok/image/others/brand-5.jpg]
[htmldemo.net/pustok/pustok/image/others/brand-6.jpg]
[htmldemo.net/pustok/pustok/image/logo--footer.png]
[htmldemo.net/pustok/pustok/image/icon/payment.png]
[htmldemo.net/pustok/pustok/js/plugins.js]
[htmldemo.net/pustok/pustok/js/ajax-mail.js]
[htmldemo.net/pustok/pustok/index-2.html]
[htmldemo.net/pustok/pustok/js/custom.js]
[htmldemo.net/pustok/pustok/fonts/fa-brands-400.eot]
[htmldemo.net/pustok/pustok/fonts/fa-brands-400d41d.eot]
[htmldemo.net/pustok/pustok/fonts/fa-brands-400.woff2]
[htmldemo.net/pustok/pustok/fonts/fa-brands-400.woff]
[htmldemo.net/pustok/pustok/fonts/fa-brands-400.ttf]
[htmldemo.net/pustok/pustok/fonts/fa-regular-400.eot]
[htmldemo.net/pustok/pustok/fonts/fa-regular-400d41d.eot]
[htmldemo.net/pustok/pustok/fonts/fa-regular-400.woff2]
[htmldemo.net/pustok/pustok/fonts/fa-brands-400.svg]
[htmldemo.net/pustok/pustok/fonts/fa-regular-400.woff]
[htmldemo.net/pustok/pustok/fonts/fa-regular-400.ttf]
[htmldemo.net/pustok/pustok/fonts/fa-regular-400.svg]
[htmldemo.net/pustok/pustok/fonts/fa-solid-900.eot]
[htmldemo.net/pustok/pustok/fonts/fa-solid-900.woff2]
[htmldemo.net/pustok/pustok/fonts/fa-solid-900d41d.eot]
[htmldemo.net/pustok/pustok/fonts/fa-solid-900.woff]
[htmldemo.net/pustok/pustok/fonts/fa-solid-900.ttf]
[htmldemo.net/pustok/pustok/fonts/fa-solid-900.svg]
[htmldemo.net/pustok/pustok/fonts/Ionicons28b5.eot]
[htmldemo.net/pustok/pustok/fonts/Ionicons28b5.ttf]
[htmldemo.net/pustok/pustok/fonts/Ionicons28b5.woff]
[htmldemo.net/pustok/pustok/fonts/Material-Design-Iconic-Fontd1f1.woff2]
[htmldemo.net/pustok/pustok/fonts/Material-Design-Iconic-Fontd1f1.woff]
[htmldemo.net/pustok/pustok/fonts/Material-Design-Iconic-Fontd1f1.ttf]
[htmldemo.net/pustok/pustok/css/plugins.css]
[htmldemo.net/pustok/pustok/fonts/Ionicons28b5.svg]
[htmldemo.net/pustok/pustok/image/icon/quotation.png]
[htmldemo.net/pustok/pustok/css/main.css]
[htmldemo.net/pustok/pustok/image/bg-images/home-slider-2-ai.png]
[htmldemo.net/pustok/pustok/image/bg-images/home-slider-1-ai.png]
[htmldemo.net/pustok/pustok/image/bg-images/best-seller-bg.jpg]
[htmldemo.net/pustok/pustok/image/others/best-seller-author.jpg]
[htmldemo.net/pustok/pustok/image/bg-images/promo-banner-mid.jpg]
[htmldemo.net/pustok/pustok/image/bg-images/promo-banner-small.jpg]
[htmldemo.net/pustok/pustok/index.html]
[htmldemo.net/pustok/pustok/image/bg-images/promo-banner-full.jpg]
[htmldemo.net/pustok/pustok/login-register.html]
[htmldemo.net/pustok/pustok/image/icon/author-logo.png]
[htmldemo.net/pustok/pustok/product-details.html]
[htmldemo.net/pustok/pustok/cart.html]
[htmldemo.net/pustok/pustok/checkout.html]
[htmldemo.net/pustok/pustok/image/icon/eng-flag.png]
[htmldemo.net/pustok/pustok/image/icon/germany-flag.png]
[htmldemo.net/pustok/pustok/image/bg-images/home-3-slider-1.jpg]
[htmldemo.net/pustok/pustok/image/bg-images/home-3-slider-2.jpg]
[htmldemo.net/pustok/pustok/image/others/cat-gal-large.png]
[htmldemo.net/pustok/pustok/image/others/cat-gal-mid.png]
[htmldemo.net/pustok/pustok/image/others/cat-gal-small.png]
[htmldemo.net/pustok/pustok/image/others/cat-gal-small-2.jpg]
[htmldemo.net/pustok/pustok/image/others/cat-gal-mid-2.png]
[htmldemo.net/pustok/pustok/image/others/client-1.png]
[htmldemo.net/pustok/pustok/image/others/client-2.png]
[htmldemo.net/pustok/pustok/image/others/client-3.png]
[htmldemo.net/pustok/pustok/image/others/client-4.png]
[htmldemo.net/pustok/pustok/image/others/client-5.png]
[htmldemo.net/pustok/pustok/index-3.html]
[htmldemo.net/pustok/pustok/image/bg-images/home-4-slider-1.jpg]
[htmldemo.net/pustok/pustok/image/bg-images/home-4-slider-2.jpg]
[htmldemo.net/pustok/pustok/image/others/home-side-promo.jpg]
[htmldemo.net/pustok/pustok/image/bg-images/promo-banner-with-text-big.jpg]
[htmldemo.net/pustok/pustok/image/bg-images/promo-banner-with-text-2--small.jpg]
[htmldemo.net/pustok/pustok/image/others/home-blog-1.jpg]
[htmldemo.net/pustok/pustok/index-4.html]
[htmldemo.net/pustok/pustok/image/others/home-blog-2.jpg]
[htmldemo.net/pustok/pustok/index-5.html]
[htmldemo.net/pustok/pustok/shop-grid.html]
[htmldemo.net/pustok/pustok/shop-grid-left-sidebar.html]
[htmldemo.net/pustok/pustok/shop-grid-right-sidebar.html]
[htmldemo.net/pustok/pustok/shop-list.html]
[htmldemo.net/pustok/pustok/shop-list-left-sidebar.html]
[htmldemo.net/pustok/pustok/shop-list-right-sidebar.html]
[htmldemo.net/pustok/pustok/product-details-affiliate.html]
[htmldemo.net/pustok/pustok/product-details-group.html]
[htmldemo.net/pustok/pustok/product-details-variable.html]
[htmldemo.net/pustok/pustok/product-details-left-thumbnail.html]
[htmldemo.net/pustok/pustok/product-details-right-thumbnail.html]
[htmldemo.net/pustok/pustok/product-details-left-gallery.html]
[htmldemo.net/pustok/pustok/product-details-right-gallery.html]
[htmldemo.net/pustok/pustok/compare.html]
[htmldemo.net/pustok/pustok/wishlist.html]
[htmldemo.net/pustok/pustok/my-account.html]
[htmldemo.net/pustok/pustok/single-product.html]
[htmldemo.net/pustok/pustok/order-complete.html]
[htmldemo.net/pustok/pustok/faq.html]
[htmldemo.net/pustok/pustok/contact-2.html]
[htmldemo.net/pustok/pustok/image/others/blog-grid-4.jpg]
[htmldemo.net/pustok/pustok/blog.html]
[htmldemo.net/pustok/pustok/blog-left-sidebar.html]
[htmldemo.net/pustok/pustok/blog-right-sidebar.html]
[htmldemo.net/pustok/pustok/blog-list-left-sidebar.html]
[htmldemo.net/pustok/pustok/blog-list-right-sidebar.html]
[htmldemo.net/pustok/pustok/image/others/blog-img-big-1.jpg]
[htmldemo.net/pustok/pustok/blog-details.html]
[htmldemo.net/pustok/pustok/image/others/blog-img-big-2.jpg]
[htmldemo.net/pustok/pustok/image/others/blog-img-big-3.jpg]
[htmldemo.net/pustok/pustok/blog-details-gallery.html]
[htmldemo.net/pustok/pustok/blog-details-audio.html]
[htmldemo.net/pustok/pustok/blog-details-video.html]
[htmldemo.net/pustok/pustok/blog-details-left-sidebar.html]
[htmldemo.net/pustok/pustok/contact.html]
[htmldemo.net/pustok/pustok/blog-list.html]
[htmldemo.net/pustok/pustok/fonts/fa-brands-400.svg]
[htmldemo.net/pustok/pustok/fonts/fa-regular-400.svg]
[htmldemo.net/pustok/pustok/fonts/fa-solid-900.svg]
[htmldemo.net/pustok/pustok/fonts/Ionicons28b5.svg]
[htmldemo.net/pustok/pustok/single-product.html]
